[2026-07-31 17:35:36.809] CLOB Reconstructor starting...
[2026-07-31 17:35:36.809] RPC URL: https://polygon.drpc.org
[2026-07-31 17:35:36.809] Writing events to /dev/null
[2026-07-31 17:35:36.810] PolygonParser: V2 exchange=0xE111180000d2663C0091e4f400237545B87B996B batch_size=1 start=0x55d4a80 end=0x55d4a80
[2026-07-31 17:35:36.810] Starting from block 90000000
[2026-07-31 17:35:36.873] PolygonParser: batch 0x55d4a80-0x55d4a80 → 1 blocks with events
[2026-07-31 17:35:36.874] Block 90000000: processed 61 events across 38 books
[2026-07-31 17:35:36.874] ===== OrderBookManager Summary =====
[2026-07-31 17:35:36.874] Total events processed: 61
[2026-07-31 17:35:36.874] Active order books: 38
[2026-07-31 17:35:36.874]   market_30 | trades: 1 | volume: 2802000 | mid: 0 | spread: 0 | best_bid: 166 | best_ask: 0
[2026-07-31 17:35:36.874]   market_57 | trades: 1 | volume: 3000000 | mid: 0 | spread: 0 | best_bid: 166 | best_ask: 0
[2026-07-31 17:35:36.874]   market_91 | trades: 2 | volume: 4260300 | mid: 211 | spread: 90 | best_bid: 166 | best_ask: 256
[2026-07-31 17:35:36.874]   market_39 | trades: 1 | volume: 5124000 | mid: 0 | spread: 0 | best_bid: 166 | best_ask: 0
[2026-07-31 17:35:36.874]   market_51 | trades: 2 | volume: 4698000 | mid: 0 | spread: 0 | best_bid: 166 | best_ask: 0
[2026-07-31 17:35:36.874]   market_69 | trades: 2 | volume: 47876500 | mid: 0 | spread: 0 | best_bid: 161 | best_ask: 0
[2026-07-31 17:35:36.874]   market_61 | trades: 1 | volume: 12350000 | mid: 0 | spread: 0 | best_bid: 105 | best_ask: 0
[2026-07-31 17:35:36.874]   market_44 | trades: 1 | volume: 1733592703 | mid: 0 | spread: 0 | best_bid: 183 | best_ask: 0
[2026-07-31 17:35:36.874]   market_20 | trades: 1 | volume: 4980000 | mid: 0 | spread: 0 | best_bid: 120 | best_ask: 0
[2026-07-31 17:35:36.874]   market_11 | trades: 2 | volume: 29333331 | mid: 0 | spread: 0 | best_bid: 175 | best_ask: 0
[2026-07-31 17:35:36.874]   market_88 | trades: 1 | volume: 1020000 | mid: 0 | spread: 0 | best_bid: 588 | best_ask: 0
[2026-07-31 17:35:36.874]   market_38 | trades: 1 | volume: 6100000 | mid: 0 | spread: 0 | best_bid: 163 | best_ask: 0
[2026-07-31 17:35:36.874]   market_73 | trades: 2 | volume: 1600685 | mid: 0 | spread: 0 | best_bid: 256 | best_ask: 0
[2026-07-31 17:35:36.874]   market_40 | trades: 1 | volume: 9488550 | mid: 0 | spread: 0 | best_bid: 392 | best_ask: 0
[2026-07-31 17:35:36.874]   market_63 | trades: 1 | volume: 3999999 | mid: 0 | spread: 0 | best_bid: 163 | best_ask: 0
[2026-07-31 17:35:36.874]   market_36 | trades: 1 | volume: 10009999 | mid: 0 | spread: 0 | best_bid: 183 | best_ask: 0
[2026-07-31 17:35:36.874]   market_70 | trades: 2 | volume: 22311886 | mid: 0 | spread: 0 | best_bid: 162 | best_ask: 0
[2026-07-31 17:35:36.874]   market_33 | trades: 1 | volume: 2999998 | mid: 0 | spread: 0 | best_bid: 163 | best_ask: 0
[2026-07-31 17:35:36.874]   market_60 | trades: 2 | volume: 9043500 | mid: 0 | spread: 0 | best_bid: 2000 | best_ask: 0
[2026-07-31 17:35:36.874]   market_93 | trades: 2 | volume: 10462000 | mid: 0 | spread: 0 | best_bid: 250 | best_ask: 0
[2026-07-31 17:35:36.874]   market_50 | trades: 2 | volume: 6660000 | mid: 166 | spread: 0 | best_bid: 166 | best_ask: 166
[2026-07-31 17:35:36.874]   market_76 | trades: 1 | volume: 54026500 | mid: 0 | spread: 0 | best_bid: 105 | best_ask: 0
[2026-07-31 17:35:36.874]   market_90 | trades: 1 | volume: 24560600 | mid: 0 | spread: 0 | best_bid: 135 | best_ask: 0
[2026-07-31 17:35:36.874]   market_71 | trades: 1 | volume: 2843500 | mid: 0 | spread: 0 | best_bid: 2000 | best_ask: 0
[2026-07-31 17:35:36.874]   market_65 | trades: 1 | volume: 2999998 | mid: 0 | spread: 0 | best_bid: 163 | best_ask: 0
[2026-07-31 17:35:36.874]   market_55 | trades: 1 | volume: 3000000 | mid: 0 | spread: 0 | best_bid: 250 | best_ask: 0
[2026-07-31 17:35:36.874]   market_29 | trades: 1 | volume: 36313800 | mid: 0 | spread: 0 | best_bid: 114 | best_ask: 0
[2026-07-31 17:35:36.874]   market_12 | trades: 1 | volume: 5426200 | mid: 0 | spread: 0 | best_bid: 769 | best_ask: 0
[2026-07-31 17:35:36.874]   market_35 | trades: 2 | volume: 20569998 | mid: 0 | spread: 0 | best_bid: 666 | best_ask: 0
[2026-07-31 17:35:36.874]   market_45 | trades: 1 | volume: 6100000 | mid: 0 | spread: 0 | best_bid: 163 | best_ask: 0
[2026-07-31 17:35:36.874]   market_75 | trades: 1 | volume: 6200000 | mid: 0 | spread: 0 | best_bid: 161 | best_ask: 0
[2026-07-31 17:35:36.874]   market_68 | trades: 1 | volume: 6200000 | mid: 0 | spread: 0 | best_bid: 161 | best_ask: 0
[2026-07-31 17:35:36.874]   market_94 | trades: 1 | volume: 27721450 | mid: 0 | spread: 0 | best_bid: 134 | best_ask: 0
[2026-07-31 17:35:36.874]   market_6 | trades: 1 | volume: 638297 | mid: 0 | spread: 0 | best_bid: 1666 | best_ask: 0
[2026-07-31 17:35:36.874]   market_2 | trades: 8 | volume: 31483931 | mid: 0 | spread: 0 | best_bid: 256 | best_ask: 0
[2026-07-31 17:35:36.874]   market_19 | trades: 5 | volume: 19452200 | mid: 0 | spread: 0 | best_bid: 263 | best_ask: 0
[2026-07-31 17:35:36.874]   market_15 | trades: 3 | volume: 755037057 | mid: 0 | spread: 0 | best_bid: 384 | best_ask: 0
[2026-07-31 17:35:36.874]   market_21 | trades: 1 | volume: 6100000 | mid: 0 | spread: 0 | best_bid: 163 | best_ask: 0
[2026-07-31 17:35:36.874] ====================================
[2026-07-31 17:35:36.874] CLOB Reconstructor finished.
[2026-07-31 17:37:44.770] CLOB Reconstructor starting...
[2026-07-31 17:37:44.771] RPC URL: https://polygon.drpc.org
[2026-07-31 17:37:44.771] Writing events to /tmp/polygon_debug.csv
[2026-07-31 17:37:44.772] PolygonParser: V2 exchange=0xE111180000d2663C0091e4f400237545B87B996B batch_size=1 start=0x55d4a80 end=0x55d4a80
[2026-07-31 17:37:44.772] Starting from block 90000000
[2026-07-31 17:37:44.831] PolygonParser: batch 0x55d4a80-0x55d4a80 → 1 blocks with events
[2026-07-31 17:37:44.831] Block 90000000: processed 61 events across 38 books
[2026-07-31 17:37:44.831] ===== OrderBookManager Summary =====
[2026-07-31 17:37:44.831] Total events processed: 61
[2026-07-31 17:37:44.831] Active order books: 38
[2026-07-31 17:37:44.831]   market_30 | trades: 1 | volume: 2802000 | mid: 0 | spread: 0 | best_bid: 166 | best_ask: 0
[2026-07-31 17:37:44.831]   market_57 | trades: 1 | volume: 3000000 | mid: 0 | spread: 0 | best_bid: 166 | best_ask: 0
[2026-07-31 17:37:44.831]   market_91 | trades: 2 | volume: 4260300 | mid: 211 | spread: 90 | best_bid: 166 | best_ask: 256
[2026-07-31 17:37:44.831]   market_39 | trades: 1 | volume: 5124000 | mid: 0 | spread: 0 | best_bid: 166 | best_ask: 0
[2026-07-31 17:37:44.831]   market_51 | trades: 2 | volume: 4698000 | mid: 0 | spread: 0 | best_bid: 166 | best_ask: 0
[2026-07-31 17:37:44.831]   market_69 | trades: 2 | volume: 47876500 | mid: 0 | spread: 0 | best_bid: 161 | best_ask: 0
[2026-07-31 17:37:44.831]   market_61 | trades: 1 | volume: 12350000 | mid: 0 | spread: 0 | best_bid: 105 | best_ask: 0
[2026-07-31 17:37:44.831]   market_44 | trades: 1 | volume: 1733592703 | mid: 0 | spread: 0 | best_bid: 183 | best_ask: 0
[2026-07-31 17:37:44.831]   market_20 | trades: 1 | volume: 4980000 | mid: 0 | spread: 0 | best_bid: 120 | best_ask: 0
[2026-07-31 17:37:44.831]   market_11 | trades: 2 | volume: 29333331 | mid: 0 | spread: 0 | best_bid: 175 | best_ask: 0
[2026-07-31 17:37:44.831]   market_88 | trades: 1 | volume: 1020000 | mid: 0 | spread: 0 | best_bid: 588 | best_ask: 0
[2026-07-31 17:37:44.831]   market_38 | trades: 1 | volume: 6100000 | mid: 0 | spread: 0 | best_bid: 163 | best_ask: 0
[2026-07-31 17:37:44.831]   market_73 | trades: 2 | volume: 1600685 | mid: 0 | spread: 0 | best_bid: 256 | best_ask: 0
[2026-07-31 17:37:44.831]   market_40 | trades: 1 | volume: 9488550 | mid: 0 | spread: 0 | best_bid: 392 | best_ask: 0
[2026-07-31 17:37:44.831]   market_63 | trades: 1 | volume: 3999999 | mid: 0 | spread: 0 | best_bid: 163 | best_ask: 0
[2026-07-31 17:37:44.831]   market_36 | trades: 1 | volume: 10009999 | mid: 0 | spread: 0 | best_bid: 183 | best_ask: 0
[2026-07-31 17:37:44.831]   market_70 | trades: 2 | volume: 22311886 | mid: 0 | spread: 0 | best_bid: 162 | best_ask: 0
[2026-07-31 17:37:44.831]   market_33 | trades: 1 | volume: 2999998 | mid: 0 | spread: 0 | best_bid: 163 | best_ask: 0
[2026-07-31 17:37:44.831]   market_60 | trades: 2 | volume: 9043500 | mid: 0 | spread: 0 | best_bid: 2000 | best_ask: 0
[2026-07-31 17:37:44.831]   market_93 | trades: 2 | volume: 10462000 | mid: 0 | spread: 0 | best_bid: 250 | best_ask: 0
[2026-07-31 17:37:44.831]   market_50 | trades: 2 | volume: 6660000 | mid: 166 | spread: 0 | best_bid: 166 | best_ask: 166
[2026-07-31 17:37:44.831]   market_76 | trades: 1 | volume: 54026500 | mid: 0 | spread: 0 | best_bid: 105 | best_ask: 0
[2026-07-31 17:37:44.831]   market_90 | trades: 1 | volume: 24560600 | mid: 0 | spread: 0 | best_bid: 135 | best_ask: 0
[2026-07-31 17:37:44.831]   market_71 | trades: 1 | volume: 2843500 | mid: 0 | spread: 0 | best_bid: 2000 | best_ask: 0
[2026-07-31 17:37:44.831]   market_65 | trades: 1 | volume: 2999998 | mid: 0 | spread: 0 | best_bid: 163 | best_ask: 0
[2026-07-31 17:37:44.831]   market_55 | trades: 1 | volume: 3000000 | mid: 0 | spread: 0 | best_bid: 250 | best_ask: 0
[2026-07-31 17:37:44.831]   market_29 | trades: 1 | volume: 36313800 | mid: 0 | spread: 0 | best_bid: 114 | best_ask: 0
[2026-07-31 17:37:44.831]   market_12 | trades: 1 | volume: 5426200 | mid: 0 | spread: 0 | best_bid: 769 | best_ask: 0
[2026-07-31 17:37:44.831]   market_35 | trades: 2 | volume: 20569998 | mid: 0 | spread: 0 | best_bid: 666 | best_ask: 0
[2026-07-31 17:37:44.831]   market_45 | trades: 1 | volume: 6100000 | mid: 0 | spread: 0 | best_bid: 163 | best_ask: 0
[2026-07-31 17:37:44.831]   market_75 | trades: 1 | volume: 6200000 | mid: 0 | spread: 0 | best_bid: 161 | best_ask: 0
[2026-07-31 17:37:44.831]   market_68 | trades: 1 | volume: 6200000 | mid: 0 | spread: 0 | best_bid: 161 | best_ask: 0
[2026-07-31 17:37:44.831]   market_94 | trades: 1 | volume: 27721450 | mid: 0 | spread: 0 | best_bid: 134 | best_ask: 0
[2026-07-31 17:37:44.831]   market_6 | trades: 1 | volume: 638297 | mid: 0 | spread: 0 | best_bid: 1666 | best_ask: 0
[2026-07-31 17:37:44.831]   market_2 | trades: 8 | volume: 31483931 | mid: 0 | spread: 0 | best_bid: 256 | best_ask: 0
[2026-07-31 17:37:44.831]   market_19 | trades: 5 | volume: 19452200 | mid: 0 | spread: 0 | best_bid: 263 | best_ask: 0
[2026-07-31 17:37:44.831]   market_15 | trades: 3 | volume: 755037057 | mid: 0 | spread: 0 | best_bid: 384 | best_ask: 0
[2026-07-31 17:37:44.831]   market_21 | trades: 1 | volume: 6100000 | mid: 0 | spread: 0 | best_bid: 163 | best_ask: 0
[2026-07-31 17:37:44.831] ====================================
[2026-07-31 17:37:44.831] CLOB Reconstructor finished.
[2026-07-31 17:41:33.430] CLOB Reconstructor starting...
[2026-07-31 17:41:33.431] RPC URL: https://polygon.drpc.org
[2026-07-31 17:41:33.431] Writing events to /tmp/polygon_clean.csv
[2026-07-31 17:41:33.432] PolygonParser: V2 exchange=0xE111180000d2663C0091e4f400237545B87B996B batch_size=1 start=0x55d4a80 end=0x55d4a80
[2026-07-31 17:41:33.432] Starting from block 90000000
[2026-07-31 17:41:33.501] PolygonParser: batch 0x55d4a80-0x55d4a80 → 1 blocks with events
[2026-07-31 17:41:33.502] Block 90000000: processed 61 events across 38 books
[2026-07-31 17:41:33.502] ===== OrderBookManager Summary =====
[2026-07-31 17:41:33.502] Total events processed: 61
[2026-07-31 17:41:33.502] Active order books: 38
[2026-07-31 17:41:33.502]   market_30 | trades: 1 | volume: 2802000 | mid: 0 | spread: 0 | best_bid: 166 | best_ask: 0
[2026-07-31 17:41:33.502]   market_57 | trades: 1 | volume: 3000000 | mid: 0 | spread: 0 | best_bid: 166 | best_ask: 0
[2026-07-31 17:41:33.502]   market_91 | trades: 2 | volume: 4260300 | mid: 211 | spread: 90 | best_bid: 166 | best_ask: 256
[2026-07-31 17:41:33.502]   market_39 | trades: 1 | volume: 5124000 | mid: 0 | spread: 0 | best_bid: 166 | best_ask: 0
[2026-07-31 17:41:33.502]   market_51 | trades: 2 | volume: 4698000 | mid: 0 | spread: 0 | best_bid: 166 | best_ask: 0
[2026-07-31 17:41:33.502]   market_69 | trades: 2 | volume: 47876500 | mid: 0 | spread: 0 | best_bid: 161 | best_ask: 0
[2026-07-31 17:41:33.502]   market_61 | trades: 1 | volume: 12350000 | mid: 0 | spread: 0 | best_bid: 105 | best_ask: 0
[2026-07-31 17:41:33.502]   market_44 | trades: 1 | volume: 1733592703 | mid: 0 | spread: 0 | best_bid: 183 | best_ask: 0
[2026-07-31 17:41:33.502]   market_20 | trades: 1 | volume: 4980000 | mid: 0 | spread: 0 | best_bid: 120 | best_ask: 0
[2026-07-31 17:41:33.502]   market_11 | trades: 2 | volume: 29333331 | mid: 0 | spread: 0 | best_bid: 175 | best_ask: 0
[2026-07-31 17:41:33.502]   market_88 | trades: 1 | volume: 1020000 | mid: 0 | spread: 0 | best_bid: 588 | best_ask: 0
[2026-07-31 17:41:33.502]   market_38 | trades: 1 | volume: 6100000 | mid: 0 | spread: 0 | best_bid: 163 | best_ask: 0
[2026-07-31 17:41:33.502]   market_73 | trades: 2 | volume: 1600685 | mid: 0 | spread: 0 | best_bid: 256 | best_ask: 0
[2026-07-31 17:41:33.502]   market_40 | trades: 1 | volume: 9488550 | mid: 0 | spread: 0 | best_bid: 392 | best_ask: 0
[2026-07-31 17:41:33.502]   market_63 | trades: 1 | volume: 3999999 | mid: 0 | spread: 0 | best_bid: 163 | best_ask: 0
[2026-07-31 17:41:33.502]   market_36 | trades: 1 | volume: 10009999 | mid: 0 | spread: 0 | best_bid: 183 | best_ask: 0
[2026-07-31 17:41:33.502]   market_70 | trades: 2 | volume: 22311886 | mid: 0 | spread: 0 | best_bid: 162 | best_ask: 0
[2026-07-31 17:41:33.502]   market_33 | trades: 1 | volume: 2999998 | mid: 0 | spread: 0 | best_bid: 163 | best_ask: 0
[2026-07-31 17:41:33.502]   market_60 | trades: 2 | volume: 9043500 | mid: 0 | spread: 0 | best_bid: 2000 | best_ask: 0
[2026-07-31 17:41:33.502]   market_93 | trades: 2 | volume: 10462000 | mid: 0 | spread: 0 | best_bid: 250 | best_ask: 0
[2026-07-31 17:41:33.502]   market_50 | trades: 2 | volume: 6660000 | mid: 166 | spread: 0 | best_bid: 166 | best_ask: 166
[2026-07-31 17:41:33.502]   market_76 | trades: 1 | volume: 54026500 | mid: 0 | spread: 0 | best_bid: 105 | best_ask: 0
[2026-07-31 17:41:33.502]   market_90 | trades: 1 | volume: 24560600 | mid: 0 | spread: 0 | best_bid: 135 | best_ask: 0
[2026-07-31 17:41:33.502]   market_71 | trades: 1 | volume: 2843500 | mid: 0 | spread: 0 | best_bid: 2000 | best_ask: 0
[2026-07-31 17:41:33.502]   market_65 | trades: 1 | volume: 2999998 | mid: 0 | spread: 0 | best_bid: 163 | best_ask: 0
[2026-07-31 17:41:33.502]   market_55 | trades: 1 | volume: 3000000 | mid: 0 | spread: 0 | best_bid: 250 | best_ask: 0
[2026-07-31 17:41:33.502]   market_29 | trades: 1 | volume: 36313800 | mid: 0 | spread: 0 | best_bid: 114 | best_ask: 0
[2026-07-31 17:41:33.502]   market_12 | trades: 1 | volume: 5426200 | mid: 0 | spread: 0 | best_bid: 769 | best_ask: 0
[2026-07-31 17:41:33.502]   market_35 | trades: 2 | volume: 20569998 | mid: 0 | spread: 0 | best_bid: 666 | best_ask: 0
[2026-07-31 17:41:33.502]   market_45 | trades: 1 | volume: 6100000 | mid: 0 | spread: 0 | best_bid: 163 | best_ask: 0
[2026-07-31 17:41:33.502]   market_75 | trades: 1 | volume: 6200000 | mid: 0 | spread: 0 | best_bid: 161 | best_ask: 0
[2026-07-31 17:41:33.502]   market_68 | trades: 1 | volume: 6200000 | mid: 0 | spread: 0 | best_bid: 161 | best_ask: 0
[2026-07-31 17:41:33.502]   market_94 | trades: 1 | volume: 27721450 | mid: 0 | spread: 0 | best_bid: 134 | best_ask: 0
[2026-07-31 17:41:33.502]   market_6 | trades: 1 | volume: 638297 | mid: 0 | spread: 0 | best_bid: 1666 | best_ask: 0
[2026-07-31 17:41:33.502]   market_2 | trades: 8 | volume: 31483931 | mid: 0 | spread: 0 | best_bid: 256 | best_ask: 0
[2026-07-31 17:41:33.502]   market_19 | trades: 5 | volume: 19452200 | mid: 0 | spread: 0 | best_bid: 263 | best_ask: 0
[2026-07-31 17:41:33.502]   market_15 | trades: 3 | volume: 755037057 | mid: 0 | spread: 0 | best_bid: 384 | best_ask: 0
[2026-07-31 17:41:33.502]   market_21 | trades: 1 | volume: 6100000 | mid: 0 | spread: 0 | best_bid: 163 | best_ask: 0
[2026-07-31 17:41:33.502] ====================================
[2026-07-31 17:41:33.502] CLOB Reconstructor finished.
